running egg_info
writing ../../build/cv_control/cv_control.egg-info/PKG-INFO
writing dependency_links to ../../build/cv_control/cv_control.egg-info/dependency_links.txt
writing entry points to ../../build/cv_control/cv_control.egg-info/entry_points.txt
writing requirements to ../../build/cv_control/cv_control.egg-info/requires.txt
writing top-level names to ../../build/cv_control/cv_control.egg-info/top_level.txt
reading manifest file '../../build/cv_control/cv_control.egg-info/SOURCES.txt'
writing manifest file '../../build/cv_control/cv_control.egg-info/SOURCES.txt'
running build
running build_py
running install
running install_lib
running install_data
copying models/gesture_classifier.pth -> /home/jetson/drone_project/install/cv_control/share/cv_control/models
running install_egg_info
removing '/home/jetson/drone_project/install/cv_control/lib/python3.10/site-packages/cv_control-0.0.0-py3.10.egg-info' (and everything under it)
Copying ../../build/cv_control/cv_control.egg-info to /home/jetson/drone_project/install/cv_control/lib/python3.10/site-packages/cv_control-0.0.0-py3.10.egg-info
running install_scripts
Installing gesture_detector script to /home/jetson/drone_project/install/cv_control/lib/cv_control
writing list of installed files to '/home/jetson/drone_project/build/cv_control/install.log'
