running egg_info
creating ../../build/my_realsense/my_realsense.egg-info
writing ../../build/my_realsense/my_realsense.egg-info/PKG-INFO
writing dependency_links to ../../build/my_realsense/my_realsense.egg-info/dependency_links.txt
writing entry points to ../../build/my_realsense/my_realsense.egg-info/entry_points.txt
writing requirements to ../../build/my_realsense/my_realsense.egg-info/requires.txt
writing top-level names to ../../build/my_realsense/my_realsense.egg-info/top_level.txt
writing manifest file '../../build/my_realsense/my_realsense.egg-info/SOURCES.txt'
reading manifest file '../../build/my_realsense/my_realsense.egg-info/SOURCES.txt'
writing manifest file '../../build/my_realsense/my_realsense.egg-info/SOURCES.txt'
running build
running build_py
creating /home/jetson/drone_project/build/my_realsense/build
creating /home/jetson/drone_project/build/my_realsense/build/lib
creating /home/jetson/drone_project/build/my_realsense/build/lib/my_realsense
copying my_realsense/__init__.py -> /home/jetson/drone_project/build/my_realsense/build/lib/my_realsense
running install
running install_lib
creating /home/jetson/drone_project/install/my_realsense/lib/python3.10/site-packages/my_realsense
copying /home/jetson/drone_project/build/my_realsense/build/lib/my_realsense/__init__.py -> /home/jetson/drone_project/install/my_realsense/lib/python3.10/site-packages/my_realsense
byte-compiling /home/jetson/drone_project/install/my_realsense/lib/python3.10/site-packages/my_realsense/__init__.py to __init__.cpython-310.pyc
running install_data
creating /home/jetson/drone_project/install/my_realsense/share/ament_index
creating /home/jetson/drone_project/install/my_realsense/share/ament_index/resource_index
creating /home/jetson/drone_project/install/my_realsense/share/ament_index/resource_index/packages
copying resource/my_realsense -> /home/jetson/drone_project/install/my_realsense/share/ament_index/resource_index/packages
copying package.xml -> /home/jetson/drone_project/install/my_realsense/share/my_realsense
creating /home/jetson/drone_project/install/my_realsense/share/my_realsense/launch
copying launch/rs_launch.py -> /home/jetson/drone_project/install/my_realsense/share/my_realsense/launch
running install_egg_info
Copying ../../build/my_realsense/my_realsense.egg-info to /home/jetson/drone_project/install/my_realsense/lib/python3.10/site-packages/my_realsense-0.0.0-py3.10.egg-info
running install_scripts
writing list of installed files to '/home/jetson/drone_project/build/my_realsense/install.log'
