running egg_info
writing ../../build/cv_control/cv_control.egg-info/PKG-INFO
writing dependency_links to ../../build/cv_control/cv_control.egg-info/dependency_links.txt
writing entry points to ../../build/cv_control/cv_control.egg-info/entry_points.txt
writing requirements to ../../build/cv_control/cv_control.egg-info/requires.txt
writing top-level names to ../../build/cv_control/cv_control.egg-info/top_level.txt
reading manifest file '../../build/cv_control/cv_control.egg-info/SOURCES.txt'
writing manifest file '../../build/cv_control/cv_control.egg-info/SOURCES.txt'
running build
running build_py
copying cv_control/utils.py -> /home/jetson/drone_project/build/cv_control/build/lib/cv_control
copying cv_control/gesture_detector.py -> /home/jetson/drone_project/build/cv_control/build/lib/cv_control
running install
running install_lib
copying /home/jetson/drone_project/build/cv_control/build/lib/cv_control/utils.py -> /home/jetson/drone_project/install/cv_control/lib/python3.10/site-packages/cv_control
copying /home/jetson/drone_project/build/cv_control/build/lib/cv_control/gesture_detector.py -> /home/jetson/drone_project/install/cv_control/lib/python3.10/site-packages/cv_control
byte-compiling /home/jetson/drone_project/install/cv_control/lib/python3.10/site-packages/cv_control/utils.py to utils.cpython-310.pyc
byte-compiling /home/jetson/drone_project/install/cv_control/lib/python3.10/site-packages/cv_control/gesture_detector.py to gesture_detector.cpython-310.pyc
Sorry: TabError: inconsistent use of tabs and spaces in indentation (gesture_detector.py, line 166)
running install_data
running install_egg_info
removing '/home/jetson/drone_project/install/cv_control/lib/python3.10/site-packages/cv_control-0.0.0-py3.10.egg-info' (and everything under it)
Copying ../../build/cv_control/cv_control.egg-info to /home/jetson/drone_project/install/cv_control/lib/python3.10/site-packages/cv_control-0.0.0-py3.10.egg-info
running install_scripts
Installing gesture_detector script to /home/jetson/drone_project/install/cv_control/lib/cv_control
writing list of installed files to '/home/jetson/drone_project/build/cv_control/install.log'
