[1.050s] Invoking command in '/home/jetson/drone_project/src/cv_control': PYTHONPATH=/home/jetson/drone_project/build/cv_control/prefix_override:/usr/lib/python3/dist-packages/colcon_core/task/python/colcon_distutils_commands:/home/jetson/drone_project/install/cv_control/lib/python3.10/site-packages:${PYTHONPATH} /usr/bin/python3 -W ignore:setup.py install is deprecated -W ignore:easy_install command is deprecated setup.py egg_info --egg-base ../../build/cv_control build --build-base /home/jetson/drone_project/build/cv_control/build install --record /home/jetson/drone_project/build/cv_control/install.log --single-version-externally-managed install_data
[1.449s] running egg_info
[1.450s] writing ../../build/cv_control/cv_control.egg-info/PKG-INFO
[1.450s] writing dependency_links to ../../build/cv_control/cv_control.egg-info/dependency_links.txt
[1.451s] writing entry points to ../../build/cv_control/cv_control.egg-info/entry_points.txt
[1.451s] writing requirements to ../../build/cv_control/cv_control.egg-info/requires.txt
[1.451s] writing top-level names to ../../build/cv_control/cv_control.egg-info/top_level.txt
[1.455s] reading manifest file '../../build/cv_control/cv_control.egg-info/SOURCES.txt'
[1.456s] writing manifest file '../../build/cv_control/cv_control.egg-info/SOURCES.txt'
[1.456s] running build
[1.456s] running build_py
[1.456s] copying cv_control/gesture_detector.py -> /home/jetson/drone_project/build/cv_control/build/lib/cv_control
[1.457s] running install
[1.457s] running install_lib
[1.461s] copying /home/jetson/drone_project/build/cv_control/build/lib/cv_control/gesture_detector.py -> /home/jetson/drone_project/install/cv_control/lib/python3.10/site-packages/cv_control
[1.463s] byte-compiling /home/jetson/drone_project/install/cv_control/lib/python3.10/site-packages/cv_control/gesture_detector.py to gesture_detector.cpython-310.pyc
[1.464s] Sorry: TabError: inconsistent use of tabs and spaces in indentation (gesture_detector.py, line 130)
[1.464s] running install_data
[1.464s] running install_egg_info
[1.467s] removing '/home/jetson/drone_project/install/cv_control/lib/python3.10/site-packages/cv_control-0.0.0-py3.10.egg-info' (and everything under it)
[1.468s] Copying ../../build/cv_control/cv_control.egg-info to /home/jetson/drone_project/install/cv_control/lib/python3.10/site-packages/cv_control-0.0.0-py3.10.egg-info
[1.469s] running install_scripts
[1.503s] Installing gesture_detector script to /home/jetson/drone_project/install/cv_control/lib/cv_control
[1.504s] writing list of installed files to '/home/jetson/drone_project/build/cv_control/install.log'
[1.566s] Invoked command in '/home/jetson/drone_project/src/cv_control' returned '0': PYTHONPATH=/home/jetson/drone_project/build/cv_control/prefix_override:/usr/lib/python3/dist-packages/colcon_core/task/python/colcon_distutils_commands:/home/jetson/drone_project/install/cv_control/lib/python3.10/site-packages:${PYTHONPATH} /usr/bin/python3 -W ignore:setup.py install is deprecated -W ignore:easy_install command is deprecated setup.py egg_info --egg-base ../../build/cv_control build --build-base /home/jetson/drone_project/build/cv_control/build install --record /home/jetson/drone_project/build/cv_control/install.log --single-version-externally-managed install_data
