[0.181s] DEBUG:colcon:Command line arguments: ['/usr/bin/colcon', 'build', '--packages-select', 'cv_control']
[0.181s] DEBUG:colcon:Parsed command line arguments: Namespace(log_base=None, log_level=None, verb_name='build', build_base='build', install_base='install', merge_install=False, symlink_install=False, test_result_base=None, continue_on_error=False, executor='parallel', parallel_workers=6, event_handlers=None, ignore_user_meta=False, metas=['./colcon.meta'], base_paths=['.'], packages_ignore=None, packages_ignore_regex=None, paths=None, packages_up_to=None, packages_up_to_regex=None, packages_above=None, packages_above_and_dependencies=None, packages_above_depth=None, packages_select_by_dep=None, packages_skip_by_dep=None, packages_skip_up_to=None, packages_select_build_failed=False, packages_skip_build_finished=False, packages_select_test_failures=False, packages_skip_test_passed=False, packages_select=['cv_control'], packages_skip=None, packages_select_regex=None, packages_skip_regex=None, packages_start=None, packages_end=None, allow_overriding=[], cmake_args=None, cmake_target=None, cmake_target_skip_unavailable=False, cmake_clean_cache=False, cmake_clean_first=False, cmake_force_configure=False, ament_cmake_args=None, catkin_cmake_args=None, catkin_skip_building_tests=False, verb_parser=<colcon_defaults.argument_parser.defaults.DefaultArgumentsDecorator object at 0xffffb7a7dc00>, verb_extension=<colcon_core.verb.build.BuildVerb object at 0xffffb7c27940>, main=<bound method BuildVerb.main of <colcon_core.verb.build.BuildVerb object at 0xffffb7c27940>>)
[0.626s] Level 1:colcon.colcon_core.package_discovery:discover_packages(colcon_meta) check parameters
[0.627s] Level 1:colcon.colcon_core.package_discovery:discover_packages(recursive) check parameters
[0.627s] Level 1:colcon.colcon_core.package_discovery:discover_packages(ignore) check parameters
[0.627s] Level 1:colcon.colcon_core.package_discovery:discover_packages(path) check parameters
[0.627s] Level 1:colcon.colcon_core.package_discovery:discover_packages(colcon_meta) discover
[0.627s] Level 1:colcon.colcon_core.package_discovery:discover_packages(recursive) discover
[0.627s] INFO:colcon.colcon_core.package_discovery:Crawling recursively for packages in '/home/jetson/drone_project'
[0.628s] Level 1:colcon.colcon_core.package_identification:_identify(.) by extensions ['ignore', 'ignore_ament_install']
[0.628s] Level 1:colcon.colcon_core.package_identification:_identify(.) by extension 'ignore'
[0.628s] Level 1:colcon.colcon_core.package_identification:_identify(.) by extension 'ignore_ament_install'
[0.628s] Level 1:colcon.colcon_core.package_identification:_identify(.) by extensions ['colcon_pkg']
[0.628s] Level 1:colcon.colcon_core.package_identification:_identify(.) by extension 'colcon_pkg'
[0.628s] Level 1:colcon.colcon_core.package_identification:_identify(.) by extensions ['colcon_meta']
[0.628s] Level 1:colcon.colcon_core.package_identification:_identify(.) by extension 'colcon_meta'
[0.628s] Level 1:colcon.colcon_core.package_identification:_identify(.) by extensions ['ros']
[0.628s] Level 1:colcon.colcon_core.package_identification:_identify(.) by extension 'ros'
[0.652s] Level 1:colcon.colcon_core.package_identification:_identify(.) by extensions ['cmake', 'python']
[0.652s] Level 1:colcon.colcon_core.package_identification:_identify(.) by extension 'cmake'
[0.652s] Level 1:colcon.colcon_core.package_identification:_identify(.) by extension 'python'
[0.652s] Level 1:colcon.colcon_core.package_identification:_identify(.) by extensions ['python_setup_py']
[0.652s] Level 1:colcon.colcon_core.package_identification:_identify(.) by extension 'python_setup_py'
[0.652s] Level 1:colcon.colcon_core.package_identification:_identify(build) by extensions ['ignore', 'ignore_ament_install']
[0.652s] Level 1:colcon.colcon_core.package_identification:_identify(build) by extension 'ignore'
[0.652s] Level 1:colcon.colcon_core.package_identification:_identify(build) ignored
[0.653s] Level 1:colcon.colcon_core.package_identification:_identify(install) by extensions ['ignore', 'ignore_ament_install']
[0.653s] Level 1:colcon.colcon_core.package_identification:_identify(install) by extension 'ignore'
[0.653s] Level 1:colcon.colcon_core.package_identification:_identify(install) ignored
[0.653s] Level 1:colcon.colcon_core.package_identification:_identify(log) by extensions ['ignore', 'ignore_ament_install']
[0.653s] Level 1:colcon.colcon_core.package_identification:_identify(log) by extension 'ignore'
[0.653s] Level 1:colcon.colcon_core.package_identification:_identify(log) ignored
[0.654s] Level 1:colcon.colcon_core.package_identification:_identify(src) by extensions ['ignore', 'ignore_ament_install']
[0.654s] Level 1:colcon.colcon_core.package_identification:_identify(src) by extension 'ignore'
[0.654s] Level 1:colcon.colcon_core.package_identification:_identify(src) by extension 'ignore_ament_install'
[0.654s] Level 1:colcon.colcon_core.package_identification:_identify(src) by extensions ['colcon_pkg']
[0.654s] Level 1:colcon.colcon_core.package_identification:_identify(src) by extension 'colcon_pkg'
[0.654s] Level 1:colcon.colcon_core.package_identification:_identify(src) by extensions ['colcon_meta']
[0.654s] Level 1:colcon.colcon_core.package_identification:_identify(src) by extension 'colcon_meta'
[0.654s] Level 1:colcon.colcon_core.package_identification:_identify(src) by extensions ['ros']
[0.654s] Level 1:colcon.colcon_core.package_identification:_identify(src) by extension 'ros'
[0.654s] Level 1:colcon.colcon_core.package_identification:_identify(src) by extensions ['cmake', 'python']
[0.654s] Level 1:colcon.colcon_core.package_identification:_identify(src) by extension 'cmake'
[0.654s] Level 1:colcon.colcon_core.package_identification:_identify(src) by extension 'python'
[0.654s] Level 1:colcon.colcon_core.package_identification:_identify(src) by extensions ['python_setup_py']
[0.655s] Level 1:colcon.colcon_core.package_identification:_identify(src) by extension 'python_setup_py'
[0.655s] Level 1:colcon.colcon_core.package_identification:_identify(src/cv_control) by extensions ['ignore', 'ignore_ament_install']
[0.655s] Level 1:colcon.colcon_core.package_identification:_identify(src/cv_control) by extension 'ignore'
[0.655s] Level 1:colcon.colcon_core.package_identification:_identify(src/cv_control) by extension 'ignore_ament_install'
[0.655s] Level 1:colcon.colcon_core.package_identification:_identify(src/cv_control) by extensions ['colcon_pkg']
[0.655s] Level 1:colcon.colcon_core.package_identification:_identify(src/cv_control) by extension 'colcon_pkg'
[0.655s] Level 1:colcon.colcon_core.package_identification:_identify(src/cv_control) by extensions ['colcon_meta']
[0.655s] Level 1:colcon.colcon_core.package_identification:_identify(src/cv_control) by extension 'colcon_meta'
[0.655s] Level 1:colcon.colcon_core.package_identification:_identify(src/cv_control) by extensions ['ros']
[0.655s] Level 1:colcon.colcon_core.package_identification:_identify(src/cv_control) by extension 'ros'
[0.660s] DEBUG:colcon.colcon_core.package_identification:Package 'src/cv_control' with type 'ros.ament_python' and name 'cv_control'
[0.660s] Level 1:colcon.colcon_core.package_identification:_identify(src/drone-world) by extensions ['ignore', 'ignore_ament_install']
[0.661s] Level 1:colcon.colcon_core.package_identification:_identify(src/drone-world) by extension 'ignore'
[0.661s] Level 1:colcon.colcon_core.package_identification:_identify(src/drone-world) by extension 'ignore_ament_install'
[0.661s] Level 1:colcon.colcon_core.package_identification:_identify(src/drone-world) by extensions ['colcon_pkg']
[0.661s] Level 1:colcon.colcon_core.package_identification:_identify(src/drone-world) by extension 'colcon_pkg'
[0.661s] Level 1:colcon.colcon_core.package_identification:_identify(src/drone-world) by extensions ['colcon_meta']
[0.661s] Level 1:colcon.colcon_core.package_identification:_identify(src/drone-world) by extension 'colcon_meta'
[0.661s] Level 1:colcon.colcon_core.package_identification:_identify(src/drone-world) by extensions ['ros']
[0.661s] Level 1:colcon.colcon_core.package_identification:_identify(src/drone-world) by extension 'ros'
[0.661s] Level 1:colcon.colcon_core.package_identification:_identify(src/drone-world) by extensions ['cmake', 'python']
[0.661s] Level 1:colcon.colcon_core.package_identification:_identify(src/drone-world) by extension 'cmake'
[0.662s] Level 1:colcon.colcon_core.package_identification:_identify(src/drone-world) by extension 'python'
[0.662s] Level 1:colcon.colcon_core.package_identification:_identify(src/drone-world) by extensions ['python_setup_py']
[0.662s] Level 1:colcon.colcon_core.package_identification:_identify(src/drone-world) by extension 'python_setup_py'
[0.662s] Level 1:colcon.colcon_core.package_identification:_identify(src/drone-world/quadcopter-teleop) by extensions ['ignore', 'ignore_ament_install']
[0.662s] Level 1:colcon.colcon_core.package_identification:_identify(src/drone-world/quadcopter-teleop) by extension 'ignore'
[0.662s] Level 1:colcon.colcon_core.package_identification:_identify(src/drone-world/quadcopter-teleop) by extension 'ignore_ament_install'
[0.662s] Level 1:colcon.colcon_core.package_identification:_identify(src/drone-world/quadcopter-teleop) by extensions ['colcon_pkg']
[0.662s] Level 1:colcon.colcon_core.package_identification:_identify(src/drone-world/quadcopter-teleop) by extension 'colcon_pkg'
[0.662s] Level 1:colcon.colcon_core.package_identification:_identify(src/drone-world/quadcopter-teleop) by extensions ['colcon_meta']
[0.662s] Level 1:colcon.colcon_core.package_identification:_identify(src/drone-world/quadcopter-teleop) by extension 'colcon_meta'
[0.662s] Level 1:colcon.colcon_core.package_identification:_identify(src/drone-world/quadcopter-teleop) by extensions ['ros']
[0.662s] Level 1:colcon.colcon_core.package_identification:_identify(src/drone-world/quadcopter-teleop) by extension 'ros'
[0.663s] Level 1:colcon.colcon_core.package_identification:_identify(src/drone-world/quadcopter-teleop) by extensions ['cmake', 'python']
[0.663s] Level 1:colcon.colcon_core.package_identification:_identify(src/drone-world/quadcopter-teleop) by extension 'cmake'
[0.663s] Level 1:colcon.colcon_core.package_identification:_identify(src/drone-world/quadcopter-teleop) by extension 'python'
[0.663s] Level 1:colcon.colcon_core.package_identification:_identify(src/drone-world/quadcopter-teleop) by extensions ['python_setup_py']
[0.663s] Level 1:colcon.colcon_core.package_identification:_identify(src/drone-world/quadcopter-teleop) by extension 'python_setup_py'
[0.663s] Level 1:colcon.colcon_core.package_identification:_identify(src/drone-world/quadcopter-teleop/thumbnails) by extensions ['ignore', 'ignore_ament_install']
[0.663s] Level 1:colcon.colcon_core.package_identification:_identify(src/drone-world/quadcopter-teleop/thumbnails) by extension 'ignore'
[0.663s] Level 1:colcon.colcon_core.package_identification:_identify(src/drone-world/quadcopter-teleop/thumbnails) by extension 'ignore_ament_install'
[0.663s] Level 1:colcon.colcon_core.package_identification:_identify(src/drone-world/quadcopter-teleop/thumbnails) by extensions ['colcon_pkg']
[0.663s] Level 1:colcon.colcon_core.package_identification:_identify(src/drone-world/quadcopter-teleop/thumbnails) by extension 'colcon_pkg'
[0.663s] Level 1:colcon.colcon_core.package_identification:_identify(src/drone-world/quadcopter-teleop/thumbnails) by extensions ['colcon_meta']
[0.664s] Level 1:colcon.colcon_core.package_identification:_identify(src/drone-world/quadcopter-teleop/thumbnails) by extension 'colcon_meta'
[0.664s] Level 1:colcon.colcon_core.package_identification:_identify(src/drone-world/quadcopter-teleop/thumbnails) by extensions ['ros']
[0.664s] Level 1:colcon.colcon_core.package_identification:_identify(src/drone-world/quadcopter-teleop/thumbnails) by extension 'ros'
[0.664s] Level 1:colcon.colcon_core.package_identification:_identify(src/drone-world/quadcopter-teleop/thumbnails) by extensions ['cmake', 'python']
[0.664s] Level 1:colcon.colcon_core.package_identification:_identify(src/drone-world/quadcopter-teleop/thumbnails) by extension 'cmake'
[0.664s] Level 1:colcon.colcon_core.package_identification:_identify(src/drone-world/quadcopter-teleop/thumbnails) by extension 'python'
[0.664s] Level 1:colcon.colcon_core.package_identification:_identify(src/drone-world/quadcopter-teleop/thumbnails) by extensions ['python_setup_py']
[0.664s] Level 1:colcon.colcon_core.package_identification:_identify(src/drone-world/quadcopter-teleop/thumbnails) by extension 'python_setup_py'
[0.664s] Level 1:colcon.colcon_core.package_identification:_identify(src/my_realsense) by extensions ['ignore', 'ignore_ament_install']
[0.664s] Level 1:colcon.colcon_core.package_identification:_identify(src/my_realsense) by extension 'ignore'
[0.664s] Level 1:colcon.colcon_core.package_identification:_identify(src/my_realsense) by extension 'ignore_ament_install'
[0.665s] Level 1:colcon.colcon_core.package_identification:_identify(src/my_realsense) by extensions ['colcon_pkg']
[0.665s] Level 1:colcon.colcon_core.package_identification:_identify(src/my_realsense) by extension 'colcon_pkg'
[0.665s] Level 1:colcon.colcon_core.package_identification:_identify(src/my_realsense) by extensions ['colcon_meta']
[0.665s] Level 1:colcon.colcon_core.package_identification:_identify(src/my_realsense) by extension 'colcon_meta'
[0.665s] Level 1:colcon.colcon_core.package_identification:_identify(src/my_realsense) by extensions ['ros']
[0.665s] Level 1:colcon.colcon_core.package_identification:_identify(src/my_realsense) by extension 'ros'
[0.666s] DEBUG:colcon.colcon_core.package_identification:Package 'src/my_realsense' with type 'ros.ament_python' and name 'my_realsense'
[0.666s] Level 1:colcon.colcon_core.package_discovery:discover_packages(recursive) using defaults
[0.666s] Level 1:colcon.colcon_core.package_discovery:discover_packages(ignore) discover
[0.666s] Level 1:colcon.colcon_core.package_discovery:discover_packages(ignore) using defaults
[0.666s] Level 1:colcon.colcon_core.package_discovery:discover_packages(path) discover
[0.666s] Level 1:colcon.colcon_core.package_discovery:discover_packages(path) using defaults
[0.697s] INFO:colcon.colcon_core.package_selection:Skipping not selected package 'my_realsense' in 'src/my_realsense'
[0.698s] Level 1:colcon.colcon_core.package_discovery:discover_packages(prefix_path) check parameters
[0.698s] Level 1:colcon.colcon_core.package_discovery:discover_packages(prefix_path) discover
[0.701s] DEBUG:colcon.colcon_installed_package_information.package_discovery:Found 2 installed packages in /home/jetson/drone_project/install
[0.702s] DEBUG:colcon.colcon_installed_package_information.package_discovery:Found 285 installed packages in /opt/ros/humble
[0.704s] Level 1:colcon.colcon_core.package_discovery:discover_packages(prefix_path) using defaults
[0.765s] Level 5:colcon.colcon_core.verb:set package 'cv_control' build argument 'cmake_args' from command line to 'None'
[0.765s] Level 5:colcon.colcon_core.verb:set package 'cv_control' build argument 'cmake_target' from command line to 'None'
[0.765s] Level 5:colcon.colcon_core.verb:set package 'cv_control' build argument 'cmake_target_skip_unavailable' from command line to 'False'
[0.765s] Level 5:colcon.colcon_core.verb:set package 'cv_control' build argument 'cmake_clean_cache' from command line to 'False'
[0.765s] Level 5:colcon.colcon_core.verb:set package 'cv_control' build argument 'cmake_clean_first' from command line to 'False'
[0.765s] Level 5:colcon.colcon_core.verb:set package 'cv_control' build argument 'cmake_force_configure' from command line to 'False'
[0.765s] Level 5:colcon.colcon_core.verb:set package 'cv_control' build argument 'ament_cmake_args' from command line to 'None'
[0.765s] Level 5:colcon.colcon_core.verb:set package 'cv_control' build argument 'catkin_cmake_args' from command line to 'None'
[0.765s] Level 5:colcon.colcon_core.verb:set package 'cv_control' build argument 'catkin_skip_building_tests' from command line to 'False'
[0.765s] DEBUG:colcon.colcon_core.verb:Building package 'cv_control' with the following arguments: {'ament_cmake_args': None, 'build_base': '/home/jetson/drone_project/build/cv_control', 'catkin_cmake_args': None, 'catkin_skip_building_tests': False, 'cmake_args': None, 'cmake_clean_cache': False, 'cmake_clean_first': False, 'cmake_force_configure': False, 'cmake_target': None, 'cmake_target_skip_unavailable': False, 'install_base': '/home/jetson/drone_project/install/cv_control', 'merge_install': False, 'path': '/home/jetson/drone_project/src/cv_control', 'symlink_install': False, 'test_result_base': None}
[0.766s] INFO:colcon.colcon_core.executor:Executing jobs using 'parallel' executor
[0.768s] DEBUG:colcon.colcon_parallel_executor.executor.parallel:run_until_complete
[0.768s] INFO:colcon.colcon_ros.task.ament_python.build:Building ROS package in '/home/jetson/drone_project/src/cv_control' with build type 'ament_python'
[0.768s] Level 1:colcon.colcon_core.shell:create_environment_hook('cv_control', 'ament_prefix_path')
[0.772s] INFO:colcon.colcon_core.plugin_system:Skipping extension 'colcon_core.shell.bat': Not used on non-Windows systems
[0.772s] INFO:colcon.colcon_core.shell:Creating environment hook '/home/jetson/drone_project/install/cv_control/share/cv_control/hook/ament_prefix_path.ps1'
[0.773s] INFO:colcon.colcon_core.shell:Creating environment descriptor '/home/jetson/drone_project/install/cv_control/share/cv_control/hook/ament_prefix_path.dsv'
[0.774s] INFO:colcon.colcon_core.shell:Creating environment hook '/home/jetson/drone_project/install/cv_control/share/cv_control/hook/ament_prefix_path.sh'
[0.775s] INFO:colcon.colcon_core.shell:Skip shell extension 'powershell' for command environment: Not usable outside of PowerShell
[0.775s] DEBUG:colcon.colcon_core.shell:Skip shell extension 'dsv' for command environment
[1.506s] INFO:colcon.colcon_core.task.python.build:Building Python package in '/home/jetson/drone_project/src/cv_control'
[1.507s] INFO:colcon.colcon_core.shell:Skip shell extension 'powershell' for command environment: Not usable outside of PowerShell
[1.507s] DEBUG:colcon.colcon_core.shell:Skip shell extension 'dsv' for command environment
[2.789s] DEBUG:colcon.colcon_core.event_handler.log_command:Invoking command in '/home/jetson/drone_project/src/cv_control': PYTHONPATH=/home/jetson/drone_project/build/cv_control/prefix_override:/usr/lib/python3/dist-packages/colcon_core/task/python/colcon_distutils_commands:/home/jetson/drone_project/install/cv_control/lib/python3.10/site-packages:${PYTHONPATH} /usr/bin/python3 -W ignore:setup.py install is deprecated -W ignore:easy_install command is deprecated setup.py egg_info --egg-base ../../build/cv_control build --build-base /home/jetson/drone_project/build/cv_control/build install --record /home/jetson/drone_project/build/cv_control/install.log --single-version-externally-managed install_data
[3.943s] DEBUG:colcon.colcon_core.event_handler.log_command:Invoked command in '/home/jetson/drone_project/src/cv_control' returned '0': PYTHONPATH=/home/jetson/drone_project/build/cv_control/prefix_override:/usr/lib/python3/dist-packages/colcon_core/task/python/colcon_distutils_commands:/home/jetson/drone_project/install/cv_control/lib/python3.10/site-packages:${PYTHONPATH} /usr/bin/python3 -W ignore:setup.py install is deprecated -W ignore:easy_install command is deprecated setup.py egg_info --egg-base ../../build/cv_control build --build-base /home/jetson/drone_project/build/cv_control/build install --record /home/jetson/drone_project/build/cv_control/install.log --single-version-externally-managed install_data
[3.949s] Level 1:colcon.colcon_core.environment:checking '/home/jetson/drone_project/install/cv_control' for CMake module files
[3.950s] Level 1:colcon.colcon_core.environment:checking '/home/jetson/drone_project/install/cv_control' for CMake config files
[3.951s] Level 1:colcon.colcon_core.environment:checking '/home/jetson/drone_project/install/cv_control/lib'
[3.952s] Level 1:colcon.colcon_core.environment:checking '/home/jetson/drone_project/install/cv_control/bin'
[3.952s] Level 1:colcon.colcon_core.environment:checking '/home/jetson/drone_project/install/cv_control/lib/pkgconfig/cv_control.pc'
[3.953s] Level 1:colcon.colcon_core.environment:checking '/home/jetson/drone_project/install/cv_control/lib/python3.10/site-packages'
[3.953s] Level 1:colcon.colcon_core.shell:create_environment_hook('cv_control', 'pythonpath')
[3.953s] INFO:colcon.colcon_core.shell:Creating environment hook '/home/jetson/drone_project/install/cv_control/share/cv_control/hook/pythonpath.ps1'
[3.955s] INFO:colcon.colcon_core.shell:Creating environment descriptor '/home/jetson/drone_project/install/cv_control/share/cv_control/hook/pythonpath.dsv'
[3.956s] INFO:colcon.colcon_core.shell:Creating environment hook '/home/jetson/drone_project/install/cv_control/share/cv_control/hook/pythonpath.sh'
[3.957s] Level 1:colcon.colcon_core.environment:checking '/home/jetson/drone_project/install/cv_control/bin'
[3.957s] Level 1:colcon.colcon_core.environment:create_environment_scripts_only(cv_control)
[3.958s] INFO:colcon.colcon_core.shell:Creating package script '/home/jetson/drone_project/install/cv_control/share/cv_control/package.ps1'
[3.960s] INFO:colcon.colcon_core.shell:Creating package descriptor '/home/jetson/drone_project/install/cv_control/share/cv_control/package.dsv'
[3.962s] INFO:colcon.colcon_core.shell:Creating package script '/home/jetson/drone_project/install/cv_control/share/cv_control/package.sh'
[3.964s] INFO:colcon.colcon_core.shell:Creating package script '/home/jetson/drone_project/install/cv_control/share/cv_control/package.bash'
[3.965s] INFO:colcon.colcon_core.shell:Creating package script '/home/jetson/drone_project/install/cv_control/share/cv_control/package.zsh'
[3.968s] Level 1:colcon.colcon_core.environment:create_file_with_runtime_dependencies(/home/jetson/drone_project/install/cv_control/share/colcon-core/packages/cv_control)
[3.969s] DEBUG:colcon.colcon_parallel_executor.executor.parallel:closing loop
[3.971s] DEBUG:colcon.colcon_parallel_executor.executor.parallel:loop closed
[3.971s] DEBUG:colcon.colcon_parallel_executor.executor.parallel:run_until_complete finished with '0'
[3.971s] DEBUG:colcon.colcon_core.event_reactor:joining thread
[3.988s] INFO:colcon.colcon_core.plugin_system:Skipping extension 'colcon_notification.desktop_notification.terminal_notifier': Not used on non-Darwin systems
[3.989s] INFO:colcon.colcon_core.plugin_system:Skipping extension 'colcon_notification.desktop_notification.win32': Not used on non-Windows systems
[3.989s] INFO:colcon.colcon_notification.desktop_notification:Sending desktop notification using 'notify2'
[4.038s] DEBUG:colcon.colcon_core.event_reactor:joined thread
[4.040s] INFO:colcon.colcon_core.shell:Creating prefix script '/home/jetson/drone_project/install/local_setup.ps1'
[4.043s] INFO:colcon.colcon_core.shell:Creating prefix util module '/home/jetson/drone_project/install/_local_setup_util_ps1.py'
[4.047s] INFO:colcon.colcon_core.shell:Creating prefix chain script '/home/jetson/drone_project/install/setup.ps1'
[4.051s] INFO:colcon.colcon_core.shell:Creating prefix script '/home/jetson/drone_project/install/local_setup.sh'
[4.053s] INFO:colcon.colcon_core.shell:Creating prefix util module '/home/jetson/drone_project/install/_local_setup_util_sh.py'
[4.055s] INFO:colcon.colcon_core.shell:Creating prefix chain script '/home/jetson/drone_project/install/setup.sh'
[4.058s] INFO:colcon.colcon_core.shell:Creating prefix script '/home/jetson/drone_project/install/local_setup.bash'
[4.059s] INFO:colcon.colcon_core.shell:Creating prefix chain script '/home/jetson/drone_project/install/setup.bash'
[4.061s] INFO:colcon.colcon_core.shell:Creating prefix script '/home/jetson/drone_project/install/local_setup.zsh'
[4.062s] INFO:colcon.colcon_core.shell:Creating prefix chain script '/home/jetson/drone_project/install/setup.zsh'
