running egg_info
creating ../build/cv_control/cv_control.egg-info
writing ../build/cv_control/cv_control.egg-info/PKG-INFO
writing dependency_links to ../build/cv_control/cv_control.egg-info/dependency_links.txt
writing entry points to ../build/cv_control/cv_control.egg-info/entry_points.txt
writing requirements to ../build/cv_control/cv_control.egg-info/requires.txt
writing top-level names to ../build/cv_control/cv_control.egg-info/top_level.txt
writing manifest file '../build/cv_control/cv_control.egg-info/SOURCES.txt'
reading manifest file '../build/cv_control/cv_control.egg-info/SOURCES.txt'
writing manifest file '../build/cv_control/cv_control.egg-info/SOURCES.txt'
running build
running build_py
creating /home/jetson/drone_project/build/cv_control/build
creating /home/jetson/drone_project/build/cv_control/build/lib
creating /home/jetson/drone_project/build/cv_control/build/lib/cv_control
copying cv_control/utils.py -> /home/jetson/drone_project/build/cv_control/build/lib/cv_control
copying cv_control/gesture_detector.py -> /home/jetson/drone_project/build/cv_control/build/lib/cv_control
copying cv_control/__init__.py -> /home/jetson/drone_project/build/cv_control/build/lib/cv_control
running install
running install_lib
creating /home/jetson/drone_project/install/cv_control/lib/python3.10/site-packages/cv_control
copying /home/jetson/drone_project/build/cv_control/build/lib/cv_control/utils.py -> /home/jetson/drone_project/install/cv_control/lib/python3.10/site-packages/cv_control
copying /home/jetson/drone_project/build/cv_control/build/lib/cv_control/gesture_detector.py -> /home/jetson/drone_project/install/cv_control/lib/python3.10/site-packages/cv_control
copying /home/jetson/drone_project/build/cv_control/build/lib/cv_control/__init__.py -> /home/jetson/drone_project/install/cv_control/lib/python3.10/site-packages/cv_control
byte-compiling /home/jetson/drone_project/install/cv_control/lib/python3.10/site-packages/cv_control/utils.py to utils.cpython-310.pyc
byte-compiling /home/jetson/drone_project/install/cv_control/lib/python3.10/site-packages/cv_control/gesture_detector.py to gesture_detector.cpython-310.pyc
byte-compiling /home/jetson/drone_project/install/cv_control/lib/python3.10/site-packages/cv_control/__init__.py to __init__.cpython-310.pyc
running install_data
creating /home/jetson/drone_project/install/cv_control/share/ament_index
creating /home/jetson/drone_project/install/cv_control/share/ament_index/resource_index
creating /home/jetson/drone_project/install/cv_control/share/ament_index/resource_index/packages
copying resource/cv_control -> /home/jetson/drone_project/install/cv_control/share/ament_index/resource_index/packages
copying package.xml -> /home/jetson/drone_project/install/cv_control/share/cv_control
creating /home/jetson/drone_project/install/cv_control/share/cv_control/models
copying models/model2.h5 -> /home/jetson/drone_project/install/cv_control/share/cv_control/models
running install_egg_info
Copying ../build/cv_control/cv_control.egg-info to /home/jetson/drone_project/install/cv_control/lib/python3.10/site-packages/cv_control-0.0.0-py3.10.egg-info
running install_scripts
Installing gesture_detector script to /home/jetson/drone_project/install/cv_control/lib/cv_control
writing list of installed files to '/home/jetson/drone_project/build/cv_control/install.log'
