[1.019s] Invoking command in '/home/jetson/drone_project/src': PYTHONPATH=/home/jetson/drone_project/build/cv_control/prefix_override:/usr/lib/python3/dist-packages/colcon_core/task/python/colcon_distutils_commands:/home/jetson/drone_project/install/cv_control/lib/python3.10/site-packages:${PYTHONPATH} /usr/bin/python3 -W ignore:setup.py install is deprecated -W ignore:easy_install command is deprecated setup.py egg_info --egg-base ../build/cv_control build --build-base /home/jetson/drone_project/build/cv_control/build install --record /home/jetson/drone_project/build/cv_control/install.log --single-version-externally-managed install_data
[1.399s] running egg_info
[1.400s] creating ../build/cv_control/cv_control.egg-info
[1.400s] writing ../build/cv_control/cv_control.egg-info/PKG-INFO
[1.401s] writing dependency_links to ../build/cv_control/cv_control.egg-info/dependency_links.txt
[1.401s] writing entry points to ../build/cv_control/cv_control.egg-info/entry_points.txt
[1.401s] writing requirements to ../build/cv_control/cv_control.egg-info/requires.txt
[1.401s] writing top-level names to ../build/cv_control/cv_control.egg-info/top_level.txt
[1.402s] writing manifest file '../build/cv_control/cv_control.egg-info/SOURCES.txt'
[1.404s] reading manifest file '../build/cv_control/cv_control.egg-info/SOURCES.txt'
[1.405s] writing manifest file '../build/cv_control/cv_control.egg-info/SOURCES.txt'
[1.405s] running build
[1.405s] running build_py
[1.406s] creating /home/jetson/drone_project/build/cv_control/build
[1.406s] creating /home/jetson/drone_project/build/cv_control/build/lib
[1.406s] creating /home/jetson/drone_project/build/cv_control/build/lib/cv_control
[1.406s] copying cv_control/utils.py -> /home/jetson/drone_project/build/cv_control/build/lib/cv_control
[1.408s] copying cv_control/gesture_detector.py -> /home/jetson/drone_project/build/cv_control/build/lib/cv_control
[1.408s] copying cv_control/__init__.py -> /home/jetson/drone_project/build/cv_control/build/lib/cv_control
[1.409s] running install
[1.409s] running install_lib
[1.410s] creating /home/jetson/drone_project/install/cv_control/lib/python3.10/site-packages/cv_control
[1.411s] copying /home/jetson/drone_project/build/cv_control/build/lib/cv_control/utils.py -> /home/jetson/drone_project/install/cv_control/lib/python3.10/site-packages/cv_control
[1.411s] copying /home/jetson/drone_project/build/cv_control/build/lib/cv_control/gesture_detector.py -> /home/jetson/drone_project/install/cv_control/lib/python3.10/site-packages/cv_control
[1.411s] copying /home/jetson/drone_project/build/cv_control/build/lib/cv_control/__init__.py -> /home/jetson/drone_project/install/cv_control/lib/python3.10/site-packages/cv_control
[1.412s] byte-compiling /home/jetson/drone_project/install/cv_control/lib/python3.10/site-packages/cv_control/utils.py to utils.cpython-310.pyc
[1.414s] byte-compiling /home/jetson/drone_project/install/cv_control/lib/python3.10/site-packages/cv_control/gesture_detector.py to gesture_detector.cpython-310.pyc
[1.418s] byte-compiling /home/jetson/drone_project/install/cv_control/lib/python3.10/site-packages/cv_control/__init__.py to __init__.cpython-310.pyc
[1.418s] running install_data
[1.418s] creating /home/jetson/drone_project/install/cv_control/share/ament_index
[1.418s] creating /home/jetson/drone_project/install/cv_control/share/ament_index/resource_index
[1.419s] creating /home/jetson/drone_project/install/cv_control/share/ament_index/resource_index/packages
[1.419s] copying resource/cv_control -> /home/jetson/drone_project/install/cv_control/share/ament_index/resource_index/packages
[1.419s] copying package.xml -> /home/jetson/drone_project/install/cv_control/share/cv_control
[1.419s] creating /home/jetson/drone_project/install/cv_control/share/cv_control/models
[1.419s] copying models/model2.h5 -> /home/jetson/drone_project/install/cv_control/share/cv_control/models
[1.423s] running install_egg_info
[1.426s] Copying ../build/cv_control/cv_control.egg-info to /home/jetson/drone_project/install/cv_control/lib/python3.10/site-packages/cv_control-0.0.0-py3.10.egg-info
[1.427s] running install_scripts
[1.462s] Installing gesture_detector script to /home/jetson/drone_project/install/cv_control/lib/cv_control
[1.462s] writing list of installed files to '/home/jetson/drone_project/build/cv_control/install.log'
[1.523s] Invoked command in '/home/jetson/drone_project/src' returned '0': PYTHONPATH=/home/jetson/drone_project/build/cv_control/prefix_override:/usr/lib/python3/dist-packages/colcon_core/task/python/colcon_distutils_commands:/home/jetson/drone_project/install/cv_control/lib/python3.10/site-packages:${PYTHONPATH} /usr/bin/python3 -W ignore:setup.py install is deprecated -W ignore:easy_install command is deprecated setup.py egg_info --egg-base ../build/cv_control build --build-base /home/jetson/drone_project/build/cv_control/build install --record /home/jetson/drone_project/build/cv_control/install.log --single-version-externally-managed install_data
