[1.159s] Invoking command in '/home/jetson/drone_project/src/cv_control': PYTHONPATH=/home/jetson/drone_project/build/cv_control/prefix_override:/usr/lib/python3/dist-packages/colcon_core/task/python/colcon_distutils_commands:/home/jetson/drone_project/install/cv_control/lib/python3.10/site-packages:${PYTHONPATH} /usr/bin/python3 -W ignore:setup.py install is deprecated -W ignore:easy_install command is deprecated setup.py egg_info --egg-base ../../build/cv_control build --build-base /home/jetson/drone_project/build/cv_control/build install --record /home/jetson/drone_project/build/cv_control/install.log --single-version-externally-managed install_data
[1.590s] running egg_info
[1.591s] writing ../../build/cv_control/cv_control.egg-info/PKG-INFO
[1.592s] writing dependency_links to ../../build/cv_control/cv_control.egg-info/dependency_links.txt
[1.592s] writing entry points to ../../build/cv_control/cv_control.egg-info/entry_points.txt
[1.592s] writing requirements to ../../build/cv_control/cv_control.egg-info/requires.txt
[1.592s] writing top-level names to ../../build/cv_control/cv_control.egg-info/top_level.txt
[1.597s] reading manifest file '../../build/cv_control/cv_control.egg-info/SOURCES.txt'
[1.598s] writing manifest file '../../build/cv_control/cv_control.egg-info/SOURCES.txt'
[1.599s] running build
[1.599s] running build_py
[1.599s] running install
[1.600s] running install_lib
[1.603s] running install_data
[1.603s] running install_egg_info
[1.606s] removing '/home/jetson/drone_project/install/cv_control/lib/python3.10/site-packages/cv_control-0.0.0-py3.10.egg-info' (and everything under it)
[1.607s] Copying ../../build/cv_control/cv_control.egg-info to /home/jetson/drone_project/install/cv_control/lib/python3.10/site-packages/cv_control-0.0.0-py3.10.egg-info
[1.609s] running install_scripts
[1.643s] Installing gesture_detector script to /home/jetson/drone_project/install/cv_control/lib/cv_control
[1.643s] writing list of installed files to '/home/jetson/drone_project/build/cv_control/install.log'
[1.705s] Invoked command in '/home/jetson/drone_project/src/cv_control' returned '0': PYTHONPATH=/home/jetson/drone_project/build/cv_control/prefix_override:/usr/lib/python3/dist-packages/colcon_core/task/python/colcon_distutils_commands:/home/jetson/drone_project/install/cv_control/lib/python3.10/site-packages:${PYTHONPATH} /usr/bin/python3 -W ignore:setup.py install is deprecated -W ignore:easy_install command is deprecated setup.py egg_info --egg-base ../../build/cv_control build --build-base /home/jetson/drone_project/build/cv_control/build install --record /home/jetson/drone_project/build/cv_control/install.log --single-version-externally-managed install_data
