[2.060s] Invoking command in '/home/jetson/drone_project/src/cv_control': PYTHONPATH=/home/jetson/drone_project/build/cv_control/prefix_override:/usr/lib/python3/dist-packages/colcon_core/task/python/colcon_distutils_commands:/home/jetson/drone_project/install/cv_control/lib/python3.10/site-packages:${PYTHONPATH} /usr/bin/python3 -W ignore:setup.py install is deprecated -W ignore:easy_install command is deprecated setup.py egg_info --egg-base ../../build/cv_control build --build-base /home/jetson/drone_project/build/cv_control/build install --record /home/jetson/drone_project/build/cv_control/install.log --single-version-externally-managed install_data
[2.772s] running egg_info
[2.827s] writing ../../build/cv_control/cv_control.egg-info/PKG-INFO
[2.830s] writing dependency_links to ../../build/cv_control/cv_control.egg-info/dependency_links.txt
[2.831s] writing entry points to ../../build/cv_control/cv_control.egg-info/entry_points.txt
[2.831s] writing requirements to ../../build/cv_control/cv_control.egg-info/requires.txt
[2.831s] writing top-level names to ../../build/cv_control/cv_control.egg-info/top_level.txt
[2.897s] reading manifest file '../../build/cv_control/cv_control.egg-info/SOURCES.txt'
[2.899s] writing manifest file '../../build/cv_control/cv_control.egg-info/SOURCES.txt'
[2.899s] running build
[2.899s] running build_py
[2.900s] copying cv_control/utils.py -> /home/jetson/drone_project/build/cv_control/build/lib/cv_control
[2.900s] copying cv_control/gesture_detector.py -> /home/jetson/drone_project/build/cv_control/build/lib/cv_control
[2.901s] running install
[2.910s] running install_lib
[2.940s] copying /home/jetson/drone_project/build/cv_control/build/lib/cv_control/utils.py -> /home/jetson/drone_project/install/cv_control/lib/python3.10/site-packages/cv_control
[2.940s] copying /home/jetson/drone_project/build/cv_control/build/lib/cv_control/gesture_detector.py -> /home/jetson/drone_project/install/cv_control/lib/python3.10/site-packages/cv_control
[2.941s] byte-compiling /home/jetson/drone_project/install/cv_control/lib/python3.10/site-packages/cv_control/utils.py to utils.cpython-310.pyc
[2.944s] byte-compiling /home/jetson/drone_project/install/cv_control/lib/python3.10/site-packages/cv_control/gesture_detector.py to gesture_detector.cpython-310.pyc
[2.949s] running install_data
[2.950s] running install_egg_info
[2.982s] removing '/home/jetson/drone_project/install/cv_control/lib/python3.10/site-packages/cv_control-0.0.0-py3.10.egg-info' (and everything under it)
[2.983s] Copying ../../build/cv_control/cv_control.egg-info to /home/jetson/drone_project/install/cv_control/lib/python3.10/site-packages/cv_control-0.0.0-py3.10.egg-info
[2.985s] running install_scripts
[3.103s] Installing gesture_detector script to /home/jetson/drone_project/install/cv_control/lib/cv_control
[3.104s] writing list of installed files to '/home/jetson/drone_project/build/cv_control/install.log'
[3.222s] Invoked command in '/home/jetson/drone_project/src/cv_control' returned '0': PYTHONPATH=/home/jetson/drone_project/build/cv_control/prefix_override:/usr/lib/python3/dist-packages/colcon_core/task/python/colcon_distutils_commands:/home/jetson/drone_project/install/cv_control/lib/python3.10/site-packages:${PYTHONPATH} /usr/bin/python3 -W ignore:setup.py install is deprecated -W ignore:easy_install command is deprecated setup.py egg_info --egg-base ../../build/cv_control build --build-base /home/jetson/drone_project/build/cv_control/build install --record /home/jetson/drone_project/build/cv_control/install.log --single-version-externally-managed install_data
